Archive member included because of file (symbol)

e:/imt/sdk/imt_sdk_win_64/winavr/bin/../lib/gcc/avr/4.3.3/avr5\libgcc.a(_udivmodqi4.o)
                              ./UserTasks.o (__udivmodqi4)
e:/imt/sdk/imt_sdk_win_64/winavr/bin/../lib/gcc/avr/4.3.3/avr5\libgcc.a(_exit.o)
                              e:/imt/sdk/imt_sdk_win_64/winavr/bin/../lib/gcc/avr/4.3.3/../../../../avr/lib/avr5/crtm32.o (exit)
e:/imt/sdk/imt_sdk_win_64/winavr/bin/../lib/gcc/avr/4.3.3/avr5\libgcc.a(_copy_data.o)
                              ./UserTasks.o (__do_copy_data)
e:/imt/sdk/imt_sdk_win_64/winavr/bin/../lib/gcc/avr/4.3.3/avr5\libgcc.a(_clear_bss.o)
                              ./UserTasks.o (__do_clear_bss)
e:/imt/sdk/imt_sdk_win_64/winavr/bin/../lib/gcc/avr/4.3.3/../../../../avr/lib/avr5\libc.a(memcpy.o)
                              ./queue.o (memcpy)
e:/imt/sdk/imt_sdk_win_64/winavr/bin/../lib/gcc/avr/4.3.3/../../../../avr/lib/avr5\libc.a(memset.o)
                              ./stream_buffer.o (memset)

Allocating common symbols
Common symbol       size              file

FirstButtonPressed  0x2               ./UserTasks.o

Memory Configuration

Name             Origin             Length             Attributes
text             0x00000000         0x00020000         xr
data             0x00800060         0x0000ffa0         rw !x
eeprom           0x00810000         0x00010000         rw !x
fuse             0x00820000         0x00000400         rw !x
lock             0x00830000         0x00000400         rw !x
signature        0x00840000         0x00000400         rw !x
*default*        0x00000000         0xffffffff

Linker script and memory map

LOAD e:/imt/sdk/imt_sdk_win_64/winavr/bin/../lib/gcc/avr/4.3.3/../../../../avr/lib/avr5/crtm32.o
LOAD ./DIO.o
LOAD ./PushButton.o
LOAD ./UserTasks.o
LOAD ./croutine.o
LOAD ./event_groups.o
LOAD ./heap_1.o
LOAD ./lcd.o
LOAD ./list.o
LOAD ./main.o
LOAD ./port.o
LOAD ./queue.o
LOAD ./stream_buffer.o
LOAD ./tasks.o
LOAD ./timers.o
LOAD e:/imt/sdk/imt_sdk_win_64/winavr/bin/../lib/gcc/avr/4.3.3/avr5\libgcc.a
LOAD e:/imt/sdk/imt_sdk_win_64/winavr/bin/../lib/gcc/avr/4.3.3/../../../../avr/lib/avr5\libc.a
LOAD e:/imt/sdk/imt_sdk_win_64/winavr/bin/../lib/gcc/avr/4.3.3/avr5\libgcc.a

.hash
 *(.hash)

.dynsym
 *(.dynsym)

.dynstr
 *(.dynstr)

.gnu.version
 *(.gnu.version)

.gnu.version_d
 *(.gnu.version_d)

.gnu.version_r
 *(.gnu.version_r)

.rel.init
 *(.rel.init)

.rela.init
 *(.rela.init)

.rel.text
 *(.rel.text)
 *(.rel.text.*)
 *(.rel.gnu.linkonce.t*)

.rela.text
 *(.rela.text)
 *(.rela.text.*)
 *(.rela.gnu.linkonce.t*)

.rel.fini
 *(.rel.fini)

.rela.fini
 *(.rela.fini)

.rel.rodata
 *(.rel.rodata)
 *(.rel.rodata.*)
 *(.rel.gnu.linkonce.r*)

.rela.rodata
 *(.rela.rodata)
 *(.rela.rodata.*)
 *(.rela.gnu.linkonce.r*)

.rel.data
 *(.rel.data)
 *(.rel.data.*)
 *(.rel.gnu.linkonce.d*)

.rela.data
 *(.rela.data)
 *(.rela.data.*)
 *(.rela.gnu.linkonce.d*)

.rel.ctors
 *(.rel.ctors)

.rela.ctors
 *(.rela.ctors)

.rel.dtors
 *(.rel.dtors)

.rela.dtors
 *(.rela.dtors)

.rel.got
 *(.rel.got)

.rela.got
 *(.rela.got)

.rel.bss
 *(.rel.bss)

.rela.bss
 *(.rela.bss)

.rel.plt
 *(.rel.plt)

.rela.plt
 *(.rela.plt)

.text           0x00000000     0x5c4e
 *(.vectors)
 .vectors       0x00000000       0x54 e:/imt/sdk/imt_sdk_win_64/winavr/bin/../lib/gcc/avr/4.3.3/../../../../avr/lib/avr5/crtm32.o
                0x00000000                __vectors
                0x00000000                __vector_default
 *(.vectors)
 *(.progmem.gcc*)
 *(.progmem*)
                0x00000054                . = ALIGN (0x2)
                0x00000054                __trampolines_start = .
 *(.trampolines)
 .trampolines   0x00000054        0x0 linker stubs
 *(.trampolines*)
                0x00000054                __trampolines_end = .
 *(.jumptables)
 *(.jumptables*)
 *(.lowtext)
 *(.lowtext*)
                0x00000054                __ctors_start = .
 *(.ctors)
                0x00000054                __ctors_end = .
                0x00000054                __dtors_start = .
 *(.dtors)
                0x00000054                __dtors_end = .
 SORT(*)(.ctors)
 SORT(*)(.dtors)
 *(.init0)
 .init0         0x00000054        0x0 e:/imt/sdk/imt_sdk_win_64/winavr/bin/../lib/gcc/avr/4.3.3/../../../../avr/lib/avr5/crtm32.o
                0x00000054                __init
 *(.init0)
 *(.init1)
 *(.init1)
 *(.init2)
 .init2         0x00000054        0xc e:/imt/sdk/imt_sdk_win_64/winavr/bin/../lib/gcc/avr/4.3.3/../../../../avr/lib/avr5/crtm32.o
 *(.init2)
 *(.init3)
 *(.init3)
 *(.init4)
 .init4         0x00000060       0x16 e:/imt/sdk/imt_sdk_win_64/winavr/bin/../lib/gcc/avr/4.3.3/avr5\libgcc.a(_copy_data.o)
                0x00000060                __do_copy_data
 .init4         0x00000076       0x10 e:/imt/sdk/imt_sdk_win_64/winavr/bin/../lib/gcc/avr/4.3.3/avr5\libgcc.a(_clear_bss.o)
                0x00000076                __do_clear_bss
 *(.init4)
 *(.init5)
 *(.init5)
 *(.init6)
 *(.init6)
 *(.init7)
 *(.init7)
 *(.init8)
 *(.init8)
 *(.init9)
 .init9         0x00000086        0x8 e:/imt/sdk/imt_sdk_win_64/winavr/bin/../lib/gcc/avr/4.3.3/../../../../avr/lib/avr5/crtm32.o
 *(.init9)
 *(.text)
 .text          0x0000008e        0x4 e:/imt/sdk/imt_sdk_win_64/winavr/bin/../lib/gcc/avr/4.3.3/../../../../avr/lib/avr5/crtm32.o
                0x0000008e                __vector_1
                0x0000008e                __vector_12
                0x0000008e                __bad_interrupt
                0x0000008e                __vector_6
                0x0000008e                __vector_3
                0x0000008e                __vector_11
                0x0000008e                __vector_13
                0x0000008e                __vector_17
                0x0000008e                __vector_19
                0x0000008e                __vector_5
                0x0000008e                __vector_4
                0x0000008e                __vector_9
                0x0000008e                __vector_2
                0x0000008e                __vector_15
                0x0000008e                __vector_8
                0x0000008e                __vector_14
                0x0000008e                __vector_10
                0x0000008e                __vector_16
                0x0000008e                __vector_18
                0x0000008e                __vector_20
 .text          0x00000092        0x0 ./DIO.o
 .text          0x00000092        0x0 ./PushButton.o
 .text          0x00000092        0x0 ./UserTasks.o
 .text          0x00000092        0x0 ./croutine.o
 .text          0x00000092        0x0 ./event_groups.o
 .text          0x00000092        0x0 ./heap_1.o
 .text          0x00000092        0x0 ./lcd.o
 .text          0x00000092        0x0 ./list.o
 .text          0x00000092        0x0 ./main.o
 .text          0x00000092        0x0 ./port.o
 .text          0x00000092        0x0 ./queue.o
 .text          0x00000092        0x0 ./stream_buffer.o
 .text          0x00000092        0x0 ./tasks.o
 .text          0x00000092        0x0 ./timers.o
 .text          0x00000092        0x0 e:/imt/sdk/imt_sdk_win_64/winavr/bin/../lib/gcc/avr/4.3.3/avr5\libgcc.a(_udivmodqi4.o)
 .text          0x00000092        0x0 e:/imt/sdk/imt_sdk_win_64/winavr/bin/../lib/gcc/avr/4.3.3/avr5\libgcc.a(_exit.o)
 .text          0x00000092        0x0 e:/imt/sdk/imt_sdk_win_64/winavr/bin/../lib/gcc/avr/4.3.3/avr5\libgcc.a(_copy_data.o)
 .text          0x00000092        0x0 e:/imt/sdk/imt_sdk_win_64/winavr/bin/../lib/gcc/avr/4.3.3/avr5\libgcc.a(_clear_bss.o)
 .text          0x00000092        0x0 e:/imt/sdk/imt_sdk_win_64/winavr/bin/../lib/gcc/avr/4.3.3/../../../../avr/lib/avr5\libc.a(memcpy.o)
 .text          0x00000092        0x0 e:/imt/sdk/imt_sdk_win_64/winavr/bin/../lib/gcc/avr/4.3.3/../../../../avr/lib/avr5\libc.a(memset.o)
                0x00000092                . = ALIGN (0x2)
 *(.text.*)
 .text.DIO_WritePin
                0x00000092      0x1de ./DIO.o
                0x00000092                DIO_WritePin
 .text.DIO_ReadPin
                0x00000270       0xe4 ./DIO.o
                0x00000270                DIO_ReadPin
 .text.DIO_SetPinDirection
                0x00000354      0x1de ./DIO.o
                0x00000354                DIO_SetPinDirection
 .text.PushButton_Init
                0x00000532       0x1e ./PushButton.o
                0x00000532                PushButton_Init
 .text.Buttons_getPressedButton
                0x00000550       0x36 ./PushButton.o
                0x00000550                Buttons_getPressedButton
 .text.init_Task
                0x00000586       0xd4 ./UserTasks.o
                0x00000586                init_Task
 .text.All_Hardware_Init_Task
                0x0000065a       0x2c ./UserTasks.o
                0x0000065a                All_Hardware_Init_Task
 .text.PushButtonA_Task
                0x00000686      0x10e ./UserTasks.o
                0x00000686                PushButtonA_Task
 .text.PushButtonB_Task
                0x00000794      0x10e ./UserTasks.o
                0x00000794                PushButtonB_Task
 .text.LCD_Task
                0x000008a2      0x414 ./UserTasks.o
                0x000008a2                LCD_Task
 .text.xEventGroupCreate
                0x00000cb6       0x3e ./event_groups.o
                0x00000cb6                xEventGroupCreate
 .text.xEventGroupSync
                0x00000cf4      0x172 ./event_groups.o
                0x00000cf4                xEventGroupSync
 .text.xEventGroupWaitBits
                0x00000e66      0x18c ./event_groups.o
                0x00000e66                xEventGroupWaitBits
 .text.xEventGroupClearBits
                0x00000ff2       0x6c ./event_groups.o
                0x00000ff2                xEventGroupClearBits
 .text.xEventGroupGetBitsFromISR
                0x0000105e       0x44 ./event_groups.o
                0x0000105e                xEventGroupGetBitsFromISR
 .text.xEventGroupSetBits
                0x000010a2      0x164 ./event_groups.o
                0x000010a2                xEventGroupSetBits
 .text.vEventGroupDelete
                0x00001206       0x62 ./event_groups.o
                0x00001206                vEventGroupDelete
 .text.vEventGroupSetBitsCallback
                0x00001268       0x3a ./event_groups.o
                0x00001268                vEventGroupSetBitsCallback
 .text.vEventGroupClearBitsCallback
                0x000012a2       0x3a ./event_groups.o
                0x000012a2                vEventGroupClearBitsCallback
 .text.prvTestWaitCondition
                0x000012dc       0x64 ./event_groups.o
 .text.pvPortMalloc
                0x00001340       0xac ./heap_1.o
                0x00001340                pvPortMalloc
 .text.vPortFree
                0x000013ec       0x18 ./heap_1.o
                0x000013ec                vPortFree
 .text.vPortInitialiseBlocks
                0x00001404       0x16 ./heap_1.o
                0x00001404                vPortInitialiseBlocks
 .text.xPortGetFreeHeapSize
                0x0000141a       0x1e ./heap_1.o
                0x0000141a                xPortGetFreeHeapSize
 .text.LCD_init
                0x00001438       0x42 ./lcd.o
                0x00001438                LCD_init
 .text.LCD_sendCommand
                0x0000147a       0xda ./lcd.o
                0x0000147a                LCD_sendCommand
 .text.LCD_displayCharacter
                0x00001554       0xda ./lcd.o
                0x00001554                LCD_displayCharacter
 .text.LCD_displayString
                0x0000162e       0x52 ./lcd.o
                0x0000162e                LCD_displayString
 .text.LCD_goToRowColumn
                0x00001680       0x84 ./lcd.o
                0x00001680                LCD_goToRowColumn
 .text.LCD_displayStringRowColumn
                0x00001704       0x32 ./lcd.o
                0x00001704                LCD_displayStringRowColumn
 .text.LCD_clearScreen
                0x00001736       0x14 ./lcd.o
                0x00001736                LCD_clearScreen
 .text.vListInitialise
                0x0000174a       0x54 ./list.o
                0x0000174a                vListInitialise
 .text.vListInitialiseItem
                0x0000179e       0x20 ./list.o
                0x0000179e                vListInitialiseItem
 .text.vListInsertEnd
                0x000017be       0x88 ./list.o
                0x000017be                vListInsertEnd
 .text.vListInsert
                0x00001846       0xd8 ./list.o
                0x00001846                vListInsert
 .text.uxListRemove
                0x0000191e       0x98 ./list.o
                0x0000191e                uxListRemove
 .text.main     0x000019b6       0x3a ./main.o
                0x000019b6                main
 .text.pxPortInitialiseStack
                0x000019f0      0x306 ./port.o
                0x000019f0                pxPortInitialiseStack
 .text.xPortStartScheduler
                0x00001cf6       0x6a ./port.o
                0x00001cf6                xPortStartScheduler
 .text.vPortEndScheduler
                0x00001d60        0xe ./port.o
                0x00001d60                vPortEndScheduler
 .text.vPortYield
                0x00001d6e       0xb2 ./port.o
                0x00001d6e                vPortYield
 .text.vPortYieldFromTick
                0x00001e20       0xba ./port.o
                0x00001e20                vPortYieldFromTick
 .text.prvSetupTimerInterrupt
                0x00001eda       0xb8 ./port.o
 .text.__vector_7
                0x00001f92        0x6 ./port.o
                0x00001f92                __vector_7
 .text.xQueueGenericReset
                0x00001f98      0x10c ./queue.o
                0x00001f98                xQueueGenericReset
 .text.xQueueGenericCreate
                0x000020a4       0xa2 ./queue.o
                0x000020a4                xQueueGenericCreate
 .text.prvInitialiseNewQueue
                0x00002146       0x76 ./queue.o
 .text.prvInitialiseMutex
                0x000021bc       0x48 ./queue.o
 .text.xQueueCreateMutex
                0x00002204       0x40 ./queue.o
                0x00002204                xQueueCreateMutex
 .text.xQueueGenericSend
                0x00002244      0x158 ./queue.o
                0x00002244                xQueueGenericSend
 .text.xQueueGenericSendFromISR
                0x0000239c       0xb0 ./queue.o
                0x0000239c                xQueueGenericSendFromISR
 .text.xQueueGiveFromISR
                0x0000244c       0xa2 ./queue.o
                0x0000244c                xQueueGiveFromISR
 .text.xQueueReceive
                0x000024ee      0x156 ./queue.o
                0x000024ee                xQueueReceive
 .text.xQueueSemaphoreTake
                0x00002644      0x1aa ./queue.o
                0x00002644                xQueueSemaphoreTake
 .text.xQueuePeek
                0x000027ee      0x164 ./queue.o
                0x000027ee                xQueuePeek
 .text.xQueueReceiveFromISR
                0x00002952       0xae ./queue.o
                0x00002952                xQueueReceiveFromISR
 .text.xQueuePeekFromISR
                0x00002a00       0x72 ./queue.o
                0x00002a00                xQueuePeekFromISR
 .text.uxQueueMessagesWaiting
                0x00002a72       0x30 ./queue.o
                0x00002a72                uxQueueMessagesWaiting
 .text.uxQueueSpacesAvailable
                0x00002aa2       0x4a ./queue.o
                0x00002aa2                uxQueueSpacesAvailable
 .text.uxQueueMessagesWaitingFromISR
                0x00002aec       0x34 ./queue.o
                0x00002aec                uxQueueMessagesWaitingFromISR
 .text.vQueueDelete
                0x00002b20       0x2e ./queue.o
                0x00002b20                vQueueDelete
 .text.prvGetDisinheritPriorityAfterTimeout
                0x00002b4e       0x42 ./queue.o
 .text.prvCopyDataToQueue
                0x00002b90      0x170 ./queue.o
 .text.prvCopyDataFromQueue
                0x00002d00       0x8e ./queue.o
 .text.prvUnlockQueue
                0x00002d8e       0xa6 ./queue.o
 .text.prvIsQueueEmpty
                0x00002e34       0x3a ./queue.o
 .text.xQueueIsQueueEmptyFromISR
                0x00002e6e       0x3e ./queue.o
                0x00002e6e                xQueueIsQueueEmptyFromISR
 .text.prvIsQueueFull
                0x00002eac       0x40 ./queue.o
 .text.xQueueIsQueueFullFromISR
                0x00002eec       0x44 ./queue.o
                0x00002eec                xQueueIsQueueFullFromISR
 .text.xStreamBufferGenericCreate
                0x00002f30       0x98 ./stream_buffer.o
                0x00002f30                xStreamBufferGenericCreate
 .text.vStreamBufferDelete
                0x00002fc8       0x52 ./stream_buffer.o
                0x00002fc8                vStreamBufferDelete
 .text.xStreamBufferReset
                0x0000301a       0x84 ./stream_buffer.o
                0x0000301a                xStreamBufferReset
 .text.xStreamBufferSetTriggerLevel
                0x0000309e       0x6e ./stream_buffer.o
                0x0000309e                xStreamBufferSetTriggerLevel
 .text.xStreamBufferSpacesAvailable
                0x0000310c       0x8c ./stream_buffer.o
                0x0000310c                xStreamBufferSpacesAvailable
 .text.xStreamBufferBytesAvailable
                0x00003198       0x3c ./stream_buffer.o
                0x00003198                xStreamBufferBytesAvailable
 .text.xStreamBufferSend
                0x000031d4      0x190 ./stream_buffer.o
                0x000031d4                xStreamBufferSend
 .text.xStreamBufferSendFromISR
                0x00003364       0xfa ./stream_buffer.o
                0x00003364                xStreamBufferSendFromISR
 .text.prvWriteMessageToBuffer
                0x0000345e       0xe4 ./stream_buffer.o
 .text.xStreamBufferReceive
                0x00003542      0x174 ./stream_buffer.o
                0x00003542                xStreamBufferReceive
 .text.xStreamBufferNextMessageLengthBytes
                0x000036b6       0xa4 ./stream_buffer.o
                0x000036b6                xStreamBufferNextMessageLengthBytes
 .text.xStreamBufferReceiveFromISR
                0x0000375a       0xf0 ./stream_buffer.o
                0x0000375a                xStreamBufferReceiveFromISR
 .text.prvReadMessageFromBuffer
                0x0000384a       0xd8 ./stream_buffer.o
 .text.xStreamBufferIsEmpty
                0x00003922       0x5a ./stream_buffer.o
                0x00003922                xStreamBufferIsEmpty
 .text.xStreamBufferIsFull
                0x0000397c       0x70 ./stream_buffer.o
                0x0000397c                xStreamBufferIsFull
 .text.xStreamBufferSendCompletedFromISR
                0x000039ec       0x86 ./stream_buffer.o
                0x000039ec                xStreamBufferSendCompletedFromISR
 .text.xStreamBufferReceiveCompletedFromISR
                0x00003a72       0x86 ./stream_buffer.o
                0x00003a72                xStreamBufferReceiveCompletedFromISR
 .text.prvWriteBytesToBuffer
                0x00003af8      0x11a ./stream_buffer.o
 .text.prvReadBytesFromBuffer
                0x00003c12      0x15a ./stream_buffer.o
 .text.prvBytesInBuffer
                0x00003d6c       0x74 ./stream_buffer.o
 .text.prvInitialiseNewStreamBuffer
                0x00003de0       0x78 ./stream_buffer.o
 .text.xTaskCreate
                0x00003e58       0xf0 ./tasks.o
                0x00003e58                xTaskCreate
 .text.prvInitialiseNewTask
                0x00003f48      0x186 ./tasks.o
 .text.prvAddNewTaskToReadyList
                0x000040ce       0xf0 ./tasks.o
 .text.vTaskDelete
                0x000041be       0xe4 ./tasks.o
                0x000041be                vTaskDelete
 .text.vTaskDelay
                0x000042a2       0x44 ./tasks.o
                0x000042a2                vTaskDelay
 .text.vTaskSuspend
                0x000042e6       0xe8 ./tasks.o
                0x000042e6                vTaskSuspend
 .text.prvTaskIsTaskSuspended
                0x000043ce       0x5e ./tasks.o
 .text.vTaskResume
                0x0000442c       0xc8 ./tasks.o
                0x0000442c                vTaskResume
 .text.xTaskResumeFromISR
                0x000044f4       0xcc ./tasks.o
                0x000044f4                xTaskResumeFromISR
 .text.vTaskStartScheduler
                0x000045c0       0x64 ./tasks.o
                0x000045c0                vTaskStartScheduler
 .text.vTaskEndScheduler
                0x00004624       0x18 ./tasks.o
                0x00004624                vTaskEndScheduler
 .text.vTaskSuspendAll
                0x0000463c       0x18 ./tasks.o
                0x0000463c                vTaskSuspendAll
 .text.xTaskResumeAll
                0x00004654      0x126 ./tasks.o
                0x00004654                xTaskResumeAll
 .text.xTaskGetTickCount
                0x0000477a       0x2e ./tasks.o
                0x0000477a                xTaskGetTickCount
 .text.xTaskGetTickCountFromISR
                0x000047a8       0x2a ./tasks.o
                0x000047a8                xTaskGetTickCountFromISR
 .text.uxTaskGetNumberOfTasks
                0x000047d2       0x12 ./tasks.o
                0x000047d2                uxTaskGetNumberOfTasks
 .text.pcTaskGetName
                0x000047e4       0x50 ./tasks.o
                0x000047e4                pcTaskGetName
 .text.xTaskIncrementTick
                0x00004834      0x1ca ./tasks.o
                0x00004834                xTaskIncrementTick
 .text.vTaskSwitchContext
                0x000049fe       0xda ./tasks.o
                0x000049fe                vTaskSwitchContext
 .text.vTaskPlaceOnEventList
                0x00004ad8       0x44 ./tasks.o
                0x00004ad8                vTaskPlaceOnEventList
 .text.vTaskPlaceOnUnorderedEventList
                0x00004b1c       0x60 ./tasks.o
                0x00004b1c                vTaskPlaceOnUnorderedEventList
 .text.xTaskRemoveFromEventList
                0x00004b7c       0xd6 ./tasks.o
                0x00004b7c                xTaskRemoveFromEventList
 .text.vTaskRemoveFromUnorderedEventList
                0x00004c52       0xba ./tasks.o
                0x00004c52                vTaskRemoveFromUnorderedEventList
 .text.vTaskSetTimeOutState
                0x00004d0c       0x3c ./tasks.o
                0x00004d0c                vTaskSetTimeOutState
 .text.vTaskInternalSetTimeOutState
                0x00004d48       0x32 ./tasks.o
                0x00004d48                vTaskInternalSetTimeOutState
 .text.xTaskCheckForTimeOut
                0x00004d7a       0xda ./tasks.o
                0x00004d7a                xTaskCheckForTimeOut
 .text.vTaskMissedYield
                0x00004e54       0x14 ./tasks.o
                0x00004e54                vTaskMissedYield
 .text.prvIdleTask
                0x00004e68       0x14 ./tasks.o
 .text.prvInitialiseTaskLists
                0x00004e7c       0x82 ./tasks.o
 .text.prvCheckTasksWaitingTermination
                0x00004efe       0x5e ./tasks.o
 .text.prvDeleteTCB
                0x00004f5c       0x2c ./tasks.o
 .text.prvResetNextTaskUnblockTime
                0x00004f88       0x56 ./tasks.o
 .text.xTaskGetCurrentTaskHandle
                0x00004fde       0x24 ./tasks.o
                0x00004fde                xTaskGetCurrentTaskHandle
 .text.xTaskPriorityInherit
                0x00005002      0x13c ./tasks.o
                0x00005002                xTaskPriorityInherit
 .text.xTaskPriorityDisinherit
                0x0000513e       0xe4 ./tasks.o
                0x0000513e                xTaskPriorityDisinherit
 .text.vTaskPriorityDisinheritAfterTimeout
                0x00005222      0x12a ./tasks.o
                0x00005222                vTaskPriorityDisinheritAfterTimeout
 .text.uxTaskResetEventItemValue
                0x0000534c       0x4e ./tasks.o
                0x0000534c                uxTaskResetEventItemValue
 .text.pvTaskIncrementMutexHeldCount
                0x0000539a       0x30 ./tasks.o
                0x0000539a                pvTaskIncrementMutexHeldCount
 .text.ulTaskNotifyTake
                0x000053ca       0xee ./tasks.o
                0x000053ca                ulTaskNotifyTake
 .text.xTaskNotifyWait
                0x000054b8      0x138 ./tasks.o
                0x000054b8                xTaskNotifyWait
 .text.xTaskGenericNotify
                0x000055f0      0x1ba ./tasks.o
                0x000055f0                xTaskGenericNotify
 .text.xTaskGenericNotifyFromISR
                0x000057aa      0x1f0 ./tasks.o
                0x000057aa                xTaskGenericNotifyFromISR
 .text.vTaskNotifyGiveFromISR
                0x0000599a      0x10c ./tasks.o
                0x0000599a                vTaskNotifyGiveFromISR
 .text.xTaskNotifyStateClear
                0x00005aa6       0x74 ./tasks.o
                0x00005aa6                xTaskNotifyStateClear
 .text.prvAddCurrentTaskToDelayedList
                0x00005b1a       0xf8 ./tasks.o
 .text.libgcc   0x00005c12       0x18 e:/imt/sdk/imt_sdk_win_64/winavr/bin/../lib/gcc/avr/4.3.3/avr5\libgcc.a(_udivmodqi4.o)
                0x00005c12                __udivmodqi4
 .text.libgcc   0x00005c2a        0x0 e:/imt/sdk/imt_sdk_win_64/winavr/bin/../lib/gcc/avr/4.3.3/avr5\libgcc.a(_exit.o)
 .text.libgcc   0x00005c2a        0x0 e:/imt/sdk/imt_sdk_win_64/winavr/bin/../lib/gcc/avr/4.3.3/avr5\libgcc.a(_copy_data.o)
 .text.libgcc   0x00005c2a        0x0 e:/imt/sdk/imt_sdk_win_64/winavr/bin/../lib/gcc/avr/4.3.3/avr5\libgcc.a(_clear_bss.o)
 .text.avr-libc
                0x00005c2a       0x12 e:/imt/sdk/imt_sdk_win_64/winavr/bin/../lib/gcc/avr/4.3.3/../../../../avr/lib/avr5\libc.a(memcpy.o)
                0x00005c2a                memcpy
 .text.avr-libc
                0x00005c3c        0xe e:/imt/sdk/imt_sdk_win_64/winavr/bin/../lib/gcc/avr/4.3.3/../../../../avr/lib/avr5\libc.a(memset.o)
                0x00005c3c                memset
                0x00005c4a                . = ALIGN (0x2)
 *(.fini9)
 .fini9         0x00005c4a        0x0 e:/imt/sdk/imt_sdk_win_64/winavr/bin/../lib/gcc/avr/4.3.3/avr5\libgcc.a(_exit.o)
                0x00005c4a                exit
                0x00005c4a                _exit
 *(.fini9)
 *(.fini8)
 *(.fini8)
 *(.fini7)
 *(.fini7)
 *(.fini6)
 *(.fini6)
 *(.fini5)
 *(.fini5)
 *(.fini4)
 *(.fini4)
 *(.fini3)
 *(.fini3)
 *(.fini2)
 *(.fini2)
 *(.fini1)
 *(.fini1)
 *(.fini0)
 .fini0         0x00005c4a        0x4 e:/imt/sdk/imt_sdk_win_64/winavr/bin/../lib/gcc/avr/4.3.3/avr5\libgcc.a(_exit.o)
 *(.fini0)
                0x00005c4e                _etext = .

.data           0x00800060       0x86 load address 0x00005c4e
                0x00800060                PROVIDE (__data_start, .)
 *(.data)
 .data          0x00800060        0x0 e:/imt/sdk/imt_sdk_win_64/winavr/bin/../lib/gcc/avr/4.3.3/../../../../avr/lib/avr5/crtm32.o
 .data          0x00800060        0x0 ./DIO.o
 .data          0x00800060        0x0 ./PushButton.o
 .data          0x00800060       0x77 ./UserTasks.o
 .data          0x008000d7        0x0 ./croutine.o
 .data          0x008000d7        0x0 ./event_groups.o
 .data          0x008000d7        0x0 ./heap_1.o
 .data          0x008000d7        0x0 ./lcd.o
 .data          0x008000d7        0x0 ./list.o
 .data          0x008000d7        0xa ./main.o
 .data          0x008000e1        0x0 ./port.o
 .data          0x008000e1        0x0 ./queue.o
 .data          0x008000e1        0x0 ./stream_buffer.o
 .data          0x008000e1        0x5 ./tasks.o
 .data          0x008000e6        0x0 ./timers.o
 .data          0x008000e6        0x0 e:/imt/sdk/imt_sdk_win_64/winavr/bin/../lib/gcc/avr/4.3.3/avr5\libgcc.a(_udivmodqi4.o)
 .data          0x008000e6        0x0 e:/imt/sdk/imt_sdk_win_64/winavr/bin/../lib/gcc/avr/4.3.3/avr5\libgcc.a(_exit.o)
 .data          0x008000e6        0x0 e:/imt/sdk/imt_sdk_win_64/winavr/bin/../lib/gcc/avr/4.3.3/avr5\libgcc.a(_copy_data.o)
 .data          0x008000e6        0x0 e:/imt/sdk/imt_sdk_win_64/winavr/bin/../lib/gcc/avr/4.3.3/avr5\libgcc.a(_clear_bss.o)
 .data          0x008000e6        0x0 e:/imt/sdk/imt_sdk_win_64/winavr/bin/../lib/gcc/avr/4.3.3/../../../../avr/lib/avr5\libc.a(memcpy.o)
 .data          0x008000e6        0x0 e:/imt/sdk/imt_sdk_win_64/winavr/bin/../lib/gcc/avr/4.3.3/../../../../avr/lib/avr5\libc.a(memset.o)
 *(.data*)
 *(.rodata)
 *(.rodata*)
 *(.gnu.linkonce.d*)
                0x008000e6                . = ALIGN (0x2)
                0x008000e6                _edata = .
                0x008000e6                PROVIDE (__data_end, .)

.bss            0x008000e6      0x66b
                0x008000e6                PROVIDE (__bss_start, .)
 *(.bss)
 .bss           0x008000e6        0x0 e:/imt/sdk/imt_sdk_win_64/winavr/bin/../lib/gcc/avr/4.3.3/../../../../avr/lib/avr5/crtm32.o
 .bss           0x008000e6        0x0 ./DIO.o
 .bss           0x008000e6        0x0 ./PushButton.o
 .bss           0x008000e6        0x0 ./UserTasks.o
 .bss           0x008000e6        0x0 ./croutine.o
 .bss           0x008000e6        0x0 ./event_groups.o
 .bss           0x008000e6        0x0 ./heap_1.o
 .bss           0x008000e6        0x0 ./lcd.o
 .bss           0x008000e6        0x0 ./list.o
 .bss           0x008000e6        0x0 ./main.o
 .bss           0x008000e6        0x0 ./port.o
 .bss           0x008000e6        0x0 ./queue.o
 .bss           0x008000e6        0x0 ./stream_buffer.o
 .bss           0x008000e6        0x0 ./tasks.o
 .bss           0x008000e6        0x0 ./timers.o
 .bss           0x008000e6        0x0 e:/imt/sdk/imt_sdk_win_64/winavr/bin/../lib/gcc/avr/4.3.3/avr5\libgcc.a(_udivmodqi4.o)
 .bss           0x008000e6        0x0 e:/imt/sdk/imt_sdk_win_64/winavr/bin/../lib/gcc/avr/4.3.3/avr5\libgcc.a(_exit.o)
 .bss           0x008000e6        0x0 e:/imt/sdk/imt_sdk_win_64/winavr/bin/../lib/gcc/avr/4.3.3/avr5\libgcc.a(_copy_data.o)
 .bss           0x008000e6        0x0 e:/imt/sdk/imt_sdk_win_64/winavr/bin/../lib/gcc/avr/4.3.3/avr5\libgcc.a(_clear_bss.o)
 .bss           0x008000e6        0x0 e:/imt/sdk/imt_sdk_win_64/winavr/bin/../lib/gcc/avr/4.3.3/../../../../avr/lib/avr5\libc.a(memcpy.o)
 .bss           0x008000e6        0x0 e:/imt/sdk/imt_sdk_win_64/winavr/bin/../lib/gcc/avr/4.3.3/../../../../avr/lib/avr5\libc.a(memset.o)
 *(.bss*)
 .bss.AllHardwareInit_Flag
                0x008000e6        0x2 ./UserTasks.o
 .bss.InitTask_Flag
                0x008000e8        0x2 ./UserTasks.o
                0x008000e8                InitTask_Flag
 .bss.Queue_PushButton_A
                0x008000ea        0x2 ./UserTasks.o
 .bss.Queue_PushButton_B
                0x008000ec        0x2 ./UserTasks.o
 .bss.xNextFreeByte
                0x008000ee        0x2 ./heap_1.o
 .bss.pucAlignedHeap.1646
                0x008000f0        0x2 ./heap_1.o
 .bss.ucHeap    0x008000f2      0x5dc ./heap_1.o
 .bss.pxCurrentTCB
                0x008006ce        0x2 ./tasks.o
                0x008006ce                pxCurrentTCB
 .bss.uxDeletedTasksWaitingCleanUp
                0x008006d0        0x1 ./tasks.o
 .bss.uxCurrentNumberOfTasks
                0x008006d1        0x1 ./tasks.o
 .bss.xTickCount
                0x008006d2        0x2 ./tasks.o
 .bss.uxTopReadyPriority
                0x008006d4        0x1 ./tasks.o
 .bss.xSchedulerRunning
                0x008006d5        0x1 ./tasks.o
 .bss.uxPendedTicks
                0x008006d6        0x1 ./tasks.o
 .bss.xYieldPending
                0x008006d7        0x1 ./tasks.o
 .bss.xNumOfOverflows
                0x008006d8        0x1 ./tasks.o
 .bss.uxTaskNumber
                0x008006d9        0x1 ./tasks.o
 .bss.xNextTaskUnblockTime
                0x008006da        0x2 ./tasks.o
 .bss.xIdleTaskHandle
                0x008006dc        0x2 ./tasks.o
 .bss.uxSchedulerSuspended
                0x008006de        0x1 ./tasks.o
 .bss.pxReadyTasksLists
                0x008006df       0x3f ./tasks.o
 .bss.xDelayedTaskList1
                0x0080071e        0x9 ./tasks.o
 .bss.xDelayedTaskList2
                0x00800727        0x9 ./tasks.o
 .bss.pxDelayedTaskList
                0x00800730        0x2 ./tasks.o
 .bss.pxOverflowDelayedTaskList
                0x00800732        0x2 ./tasks.o
 .bss.xPendingReadyList
                0x00800734        0x9 ./tasks.o
 .bss.xTasksWaitingTermination
                0x0080073d        0x9 ./tasks.o
 .bss.xSuspendedTaskList
                0x00800746        0x9 ./tasks.o
 *(COMMON)
 COMMON         0x0080074f        0x2 ./UserTasks.o
                0x0080074f                FirstButtonPressed
                0x00800751                PROVIDE (__bss_end, .)
                0x00005c4e                __data_load_start = LOADADDR (.data)
                0x00005cd4                __data_load_end = (__data_load_start + SIZEOF (.data))

.noinit         0x00800751        0x0
                0x00800751                PROVIDE (__noinit_start, .)
 *(.noinit*)
                0x00800751                PROVIDE (__noinit_end, .)
                0x00800751                _end = .
                0x00800751                PROVIDE (__heap_start, .)

.eeprom         0x00810000        0x0
 *(.eeprom*)
                0x00810000                __eeprom_end = .

.fuse
 *(.fuse)
 *(.lfuse)
 *(.hfuse)
 *(.efuse)

.lock
 *(.lock*)

.signature
 *(.signature*)

.stab           0x00000000     0x9588
 *(.stab)
 .stab          0x00000000      0x474 ./DIO.o
 .stab          0x00000474      0x1e0 ./PushButton.o
                                0x294 (size before relaxing)
 .stab          0x00000654      0xdd4 ./UserTasks.o
                                0xe70 (size before relaxing)
 .stab          0x00001428      0x1bc ./croutine.o
                                0x630 (size before relaxing)
 .stab          0x000015e4      0xde0 ./event_groups.o
                               0x111c (size before relaxing)
 .stab          0x000023c4      0x30c ./heap_1.o
                                0x7bc (size before relaxing)
 .stab          0x000026d0      0x534 ./lcd.o
                                0x750 (size before relaxing)
 .stab          0x00002c04      0x474 ./list.o
                                0x858 (size before relaxing)
 .stab          0x00003078      0x1c8 ./main.o
                                0x6d8 (size before relaxing)
 .stab          0x00003240      0x840 ./port.o
                                0xce4 (size before relaxing)
 .stab          0x00003a80     0x1cc8 ./queue.o
                               0x21a8 (size before relaxing)
 .stab          0x00005748     0x1608 ./stream_buffer.o
                               0x1a4c (size before relaxing)
 .stab          0x00006d50     0x2694 ./tasks.o
                               0x2b74 (size before relaxing)
 .stab          0x000093e4      0x1a4 ./timers.o
                                0x6b4 (size before relaxing)

.stabstr        0x00000000     0x4c85
 *(.stabstr)
 .stabstr       0x00000000     0x4c85 ./DIO.o

.stab.excl
 *(.stab.excl)

.stab.exclstr
 *(.stab.exclstr)

.stab.index
 *(.stab.index)

.stab.indexstr
 *(.stab.indexstr)

.comment
 *(.comment)

.debug
 *(.debug)

.line
 *(.line)

.debug_srcinfo
 *(.debug_srcinfo)

.debug_sfnames
 *(.debug_sfnames)

.debug_aranges
 *(.debug_aranges)

.debug_pubnames
 *(.debug_pubnames)

.debug_info
 *(.debug_info)
 *(.gnu.linkonce.wi.*)

.debug_abbrev
 *(.debug_abbrev)

.debug_line
 *(.debug_line)

.debug_frame
 *(.debug_frame)

.debug_str
 *(.debug_str)

.debug_loc
 *(.debug_loc)

.debug_macinfo
 *(.debug_macinfo)
OUTPUT(FreeRTOS_SprintsChallenges_Sprint2_UserStory3.elf elf32-avr)
LOAD linker stubs
